// Jest Snapshot v1, https://goo.gl/fbAQLP

exports[`<Projects /> matches snapshot 1`] = `"<div data-test-id=\\"projects\\" class=\\"sc-fjdhpX bQFtOV\\"><div class=\\"sc-iwsKbI jvxxtM\\"><div class=\\"sc-gZMcBi mmRYP\\"></div><div class=\\"sc-gqjmRU iZaeOp\\"><div class=\\"sc-VigVT dPWYfU\\"></div><div class=\\"sc-jTzLTM kKfebK\\"></div></div></div><div class=\\"sc-iwsKbI jvxxtM\\"><div class=\\"sc-gZMcBi mmRYP\\"></div><div class=\\"sc-gqjmRU iZaeOp\\"><div class=\\"sc-VigVT dPWYfU\\"></div><div class=\\"sc-jTzLTM kKfebK\\"></div></div></div><div class=\\"sc-iwsKbI jvxxtM\\"><div class=\\"sc-gZMcBi mmRYP\\"></div><div class=\\"sc-gqjmRU iZaeOp\\"><div class=\\"sc-VigVT dPWYfU\\"></div><div class=\\"sc-jTzLTM kKfebK\\"></div></div></div></div>"`;
