// Jest Snapshot v1, https://goo.gl/fbAQLP

exports[`<Projects /> matches snapshot 1`] = `"<div class=\\"sc-jTzLTM wmkLr\\" data-test-id=\\"projects\\"><div class=\\"sc-dnqmqq brnLBR\\"><div class=\\"sc-iwsKbI iItEBd\\"></div><div class=\\"sc-gZMcBi fEjuqj\\"><div class=\\"sc-gqjmRU enVBET\\"></div><div class=\\"sc-VigVT ftZPdR\\"></div></div></div><div class=\\"sc-dnqmqq brnLBR\\"><div class=\\"sc-iwsKbI iItEBd\\"></div><div class=\\"sc-gZMcBi fEjuqj\\"><div class=\\"sc-gqjmRU enVBET\\"></div><div class=\\"sc-VigVT ftZPdR\\"></div></div></div><div class=\\"sc-dnqmqq brnLBR\\"><div class=\\"sc-iwsKbI iItEBd\\"></div><div class=\\"sc-gZMcBi fEjuqj\\"><div class=\\"sc-gqjmRU enVBET\\"></div><div class=\\"sc-VigVT ftZPdR\\"></div></div></div></div>"`;
